
xjm@DESKTOP-DD45KBP MINGW64 ~/Desktop/MG使用说明
$ git init
Initialized empty Git repository in C:/Users/xjm/Desktop/MG使用说明/.git/

xjm@DESKTOP-DD45KBP MINGW64 ~/Desktop/MG使用说明 (master)
$ git remote add origin 'https://github.com/songguoguo927/songguoguo927.github.io.git'

xjm@DESKTOP-DD45KBP MINGW64 ~/Desktop/MG使用说明 (master)
$ git push -u origin master
error: src refspec master does not match any.
error: failed to push some refs to 'https://github.com/songguoguo927/songguoguo927.github.io.git'

xjm@DESKTOP-DD45KBP MINGW64 ~/Desktop/MG使用说明 (master)
$ ^C

xjm@DESKTOP-DD45KBP MINGW64 ~/Desktop/MG使用说明 (master)
$ git push -u origin master
error: src refspec master does not match any.
error: failed to push some refs to 'https://github.com/songguoguo927/songguoguo927.github.io.git'

xjm@DESKTOP-DD45KBP MINGW64 ~/Desktop/MG使用说明 (master)
$ git clone error: src refspec master does not match any.
fatal: Too many arguments.

usage: git clone [<options>] [--] <repo> [<dir>]

    -v, --verbose         be more verbose
    -q, --quiet           be more quiet
    --progress            force progress reporting
    -n, --no-checkout     don't create a checkout
    --bare                create a bare repository
    --mirror              create a mirror repository (implies bare)
    -l, --local           to clone from a local repository
    --no-hardlinks        don't use local hardlinks, always copy
    -s, --shared          setup as shared repository
    --recurse-submodules[=<pathspec>]
                          initialize submodules in the clone
    -j, --jobs <n>        number of submodules cloned in parallel
    --template <template-directory>
                          directory from which templates will be used
    --reference <repo>    reference repository
    --reference-if-able <repo>
                          reference repository
    --dissociate          use --reference only while cloning
    -o, --origin <name>   use <name> instead of 'origin' to track upstream
    -b, --branch <branch>
                          checkout <branch> instead of the remote's HEAD
    -u, --upload-pack <path>
                          path to git-upload-pack on the remote
    --depth <depth>       create a shallow clone of that depth
    --shallow-since <time>
                          create a shallow clone since a specific time
    --shallow-exclude <revision>
                          deepen history of shallow clone, excluding rev
    --single-branch       clone only one branch, HEAD or --branch
    --no-tags             don't clone any tags, and make later fetches not to follow them
    --shallow-submodules  any cloned submodules will be shallow
    --separate-git-dir <gitdir>
                          separate git dir from working tree
    -c, --config <key=value>
                          set config inside the new repository
    -4, --ipv4            use IPv4 addresses only
    -6, --ipv6            use IPv6 addresses only


xjm@DESKTOP-DD45KBP MINGW64 ~/Desktop/MG使用说明 (master)
$ git init
Reinitialized existing Git repository in C:/Users/xjm/Desktop/MG使用说明/.git/

xjm@DESKTOP-DD45KBP MINGW64 ~/Desktop/MG使用说明 (master)
$ git clone https://github.com/songguoguo927/songguoguo927.github.io.git
Cloning into 'songguoguo927.github.io'...
warning: You appear to have cloned an empty repository.

xjm@DESKTOP-DD45KBP MINGW64 ~/Desktop/MG使用说明 (master)
$ git add .

xjm@DESKTOP-DD45KBP MINGW64 ~/Desktop/MG使用说明 (master)
$ git commit -m "测试一哈"
[master (root-commit) afc5b13] 测试一哈
 2 files changed, 11 insertions(+)
 create mode 100644 "\345\217\245\345\255\220.txt"
 create mode 100644 "\345\220\203\347\257\207.txt"

xjm@DESKTOP-DD45KBP MINGW64 ~/Desktop/MG使用说明 (master)
$ git push origin master
fatal: HttpRequestException encountered.
   ▒▒▒▒▒▒▒▒ʱ▒▒▒▒
Username for 'https://github.com':
remote: Anonymous access to songguoguo927/songguoguo927.github.io.git denied.
fatal: Authentication failed for 'https://github.com/songguoguo927/songguoguo927.github.io.git/'

xjm@DESKTOP-DD45KBP MINGW64 ~/Desktop/MG使用说明 (master)
$ git  add --all

xjm@DESKTOP-DD45KBP MINGW64 ~/Desktop/MG使用说明 (master)
$ git commit
On branch master
nothing to commit, working tree clean

xjm@DESKTOP-DD45KBP MINGW64 ~/Desktop/MG使用说明 (master)
$ git push
fatal: The current branch master has no upstream branch.
To push the current branch and set the remote as upstream, use

    git push --set-upstream origin master


xjm@DESKTOP-DD45KBP MINGW64 ~/Desktop/MG使用说明 (master)
$ git push origin master
fatal: HttpRequestException encountered.
   ▒▒▒▒▒▒▒▒ʱ▒▒▒▒
Username for 'https://github.com': songguoguo927
Counting objects: 4, done.
Delta compression using up to 4 threads.
Compressing objects: 100% (3/3), done.
Writing objects: 100% (4/4), 699 bytes | 699.00 KiB/s, done.
Total 4 (delta 0), reused 0 (delta 0)
To https://github.com/songguoguo927/songguoguo927.github.io.git
 * [new branch]      master -> master

xjm@DESKTOP-DD45KBP MINGW64 ~/Desktop/MG使用说明 (master)
$
